[[1;34mINFO[m] Scanning for projects...
[[1;34mINFO[m] 
[[1;34mINFO[m] [1m---------------------< [0;36mcom.example:merged-project[0;1m >---------------------[m
[[1;34mINFO[m] [1mBuilding merged-project 0.0.1-SNAPSHOT[m
[[1;34mINFO[m] [1m--------------------------------[ war ]---------------------------------[m
[[1;34mINFO[m] 
[[1;34mINFO[m] [1m>>> [0;32mspring-boot-maven-plugin:3.4.4:run[m [1m(default-cli)[0;1m > [0;1mtest-compile[m @ [36mmerged-project[0;1m >>>[m
[[1;34mINFO[m] 
[[1;34mINFO[m] [1m--- [0;32mmaven-resources-plugin:3.3.1:resources[m [1m(default-resources)[m @ [36mmerged-project[0;1m ---[m
[[1;34mINFO[m] Copying 1 resource from src/main/resources to target/classes
[[1;34mINFO[m] Copying 5 resources from src/main/resources to target/classes
[[1;34mINFO[m] 
[[1;34mINFO[m] [1m--- [0;32mmaven-compiler-plugin:3.13.0:compile[m [1m(default-compile)[m @ [36mmerged-project[0;1m ---[m
[[1;34mINFO[m] Recompiling the module because of [1madded or removed source files[m.
[[1;34mINFO[m] Compiling 79 source files with javac [debug parameters release 21] to target/classes
[[1;34mINFO[m] 
[[1;34mINFO[m] [1m--- [0;32mmaven-resources-plugin:3.3.1:testResources[m [1m(default-testResources)[m @ [36mmerged-project[0;1m ---[m
[[1;34mINFO[m] Copying 1 resource from src/test/resources to target/test-classes
[[1;34mINFO[m] 
[[1;34mINFO[m] [1m--- [0;32mmaven-compiler-plugin:3.13.0:testCompile[m [1m(default-testCompile)[m @ [36mmerged-project[0;1m ---[m
[[1;34mINFO[m] Recompiling the module because of [1mchanged dependency[m.
[[1;34mINFO[m] Compiling 9 source files with javac [debug parameters release 21] to target/test-classes
[[1;34mINFO[m] 
[[1;34mINFO[m] [1m<<< [0;32mspring-boot-maven-plugin:3.4.4:run[m [1m(default-cli)[0;1m < [0;1mtest-compile[m @ [36mmerged-project[0;1m <<<[m
[[1;34mINFO[m] 
[[1;34mINFO[m] 
[[1;34mINFO[m] [1m--- [0;32mspring-boot-maven-plugin:3.4.4:run[m [1m(default-cli)[m @ [36mmerged-project[0;1m ---[m
[[1;34mINFO[m] Attaching agents: []

  .   ____          _            __ _ _
 /\\ / ___'_ __ _ _(_)_ __  __ _ \ \ \ \
( ( )\___ | '_ | '_| | '_ \/ _` | \ \ \ \
 \\/  ___)| |_)| | | | | || (_| |  ) ) ) )
  '  |____| .__|_| |_|_| |_\__, | / / / /
 =========|_|==============|___/=/_/_/_/

 :: Spring Boot ::                (v3.4.4)

2025-06-28T23:36:34.838+07:00  INFO 5413 --- [demo] [  restartedMain] c.itss.ecommerce.EcommerceApplication    : Starting EcommerceApplication using Java 21.0.6 with PID 5413 (/home/bxs/ISD.ICT.20242-06/Programming/AIMS/target/classes started by bxs in /home/bxs/ISD.ICT.20242-06/Programming/AIMS)
2025-06-28T23:36:34.839+07:00 DEBUG 5413 --- [demo] [  restartedMain] c.itss.ecommerce.EcommerceApplication    : Running with Spring Boot v3.4.4, Spring v6.2.5
2025-06-28T23:36:34.839+07:00  INFO 5413 --- [demo] [  restartedMain] c.itss.ecommerce.EcommerceApplication    : No active profile set, falling back to 1 default profile: "default"
2025-06-28T23:36:34.876+07:00  INFO 5413 --- [demo] [  restartedMain] .e.DevToolsPropertyDefaultsPostProcessor : Devtools property defaults active! Set 'spring.devtools.add-properties' to 'false' to disable
2025-06-28T23:36:34.877+07:00  INFO 5413 --- [demo] [  restartedMain] .e.DevToolsPropertyDefaultsPostProcessor : For additional web related logging consider setting the 'logging.level.web' property to 'DEBUG'
2025-06-28T23:36:35.322+07:00  INFO 5413 --- [demo] [  restartedMain] .s.d.r.c.RepositoryConfigurationDelegate : Multiple Spring Data modules found, entering strict repository configuration mode
2025-06-28T23:36:35.322+07:00  INFO 5413 --- [demo] [  restartedMain] .s.d.r.c.RepositoryConfigurationDelegate : Bootstrapping Spring Data JPA repositories in DEFAULT mode.
2025-06-28T23:36:35.395+07:00  INFO 5413 --- [demo] [  restartedMain] .s.d.r.c.RepositoryConfigurationDelegate : Finished Spring Data repository scanning in 65 ms. Found 12 JPA repository interfaces.
2025-06-28T23:36:36.021+07:00  INFO 5413 --- [demo] [  restartedMain] o.s.b.w.embedded.tomcat.TomcatWebServer  : Tomcat initialized with port 8080 (http)
2025-06-28T23:36:36.033+07:00  INFO 5413 --- [demo] [  restartedMain] o.apache.catalina.core.StandardService   : Starting service [Tomcat]
2025-06-28T23:36:36.034+07:00  INFO 5413 --- [demo] [  restartedMain] o.apache.catalina.core.StandardEngine    : Starting Servlet engine: [Apache Tomcat/10.1.39]
2025-06-28T23:36:36.198+07:00  INFO 5413 --- [demo] [  restartedMain] org.apache.jasper.servlet.TldScanner     : At least one JAR was scanned for TLDs yet contained no TLDs. Enable debug logging for this logger for a complete list of JARs that were scanned but no TLDs were found in them. Skipping unneeded JARs during scanning can improve startup time and JSP compilation time.
2025-06-28T23:36:36.203+07:00  INFO 5413 --- [demo] [  restartedMain] o.a.c.c.C.[Tomcat].[localhost].[/]       : Initializing Spring embedded WebApplicationContext
2025-06-28T23:36:36.204+07:00  INFO 5413 --- [demo] [  restartedMain] w.s.c.ServletWebServerApplicationContext : Root WebApplicationContext: initialization completed in 1326 ms
2025-06-28T23:36:36.315+07:00  INFO 5413 --- [demo] [  restartedMain] o.hibernate.jpa.internal.util.LogHelper  : HHH000204: Processing PersistenceUnitInfo [name: default]
2025-06-28T23:36:36.350+07:00  INFO 5413 --- [demo] [  restartedMain] org.hibernate.Version                    : HHH000412: Hibernate ORM core version 6.6.11.Final
2025-06-28T23:36:36.371+07:00  INFO 5413 --- [demo] [  restartedMain] o.h.c.internal.RegionFactoryInitiator    : HHH000026: Second-level cache disabled
2025-06-28T23:36:36.598+07:00  INFO 5413 --- [demo] [  restartedMain] o.s.o.j.p.SpringPersistenceUnitInfo      : No LoadTimeWeaver setup: ignoring JPA class transformer
2025-06-28T23:36:36.619+07:00  INFO 5413 --- [demo] [  restartedMain] com.zaxxer.hikari.HikariDataSource       : HikariPool-1 - Starting...
2025-06-28T23:36:36.736+07:00  INFO 5413 --- [demo] [  restartedMain] com.zaxxer.hikari.pool.HikariPool        : HikariPool-1 - Added connection org.sqlite.jdbc4.JDBC4Connection@68948fcc
2025-06-28T23:36:36.738+07:00  INFO 5413 --- [demo] [  restartedMain] com.zaxxer.hikari.HikariDataSource       : HikariPool-1 - Start completed.
2025-06-28T23:36:36.766+07:00  INFO 5413 --- [demo] [  restartedMain] org.hibernate.orm.connections.pooling    : HHH10001005: Database info:
	Database JDBC URL [Connecting through datasource 'HikariDataSource (HikariPool-1)']
	Database driver: undefined/unknown
	Database version: 3.47.2
	Autocommit mode: undefined/unknown
	Isolation level: undefined/unknown
	Minimum pool size: undefined/unknown
	Maximum pool size: undefined/unknown
2025-06-28T23:36:37.636+07:00 DEBUG 5413 --- [demo] [  restartedMain] org.hibernate.SQL                        : 
    create table HT_product(product_id bigint not null, hib_sess_id char(36) not null, primary key (product_id, hib_sess_id))
Hibernate: 
    create table HT_product(product_id bigint not null, hib_sess_id char(36) not null, primary key (product_id, hib_sess_id))
2025-06-28T23:36:37.642+07:00 DEBUG 5413 --- [demo] [  restartedMain] org.hibernate.SQL                        : 
    create table HTE_product(duration_minutes integer, page_count integer, price integer, quantity integer, rpm integer, rush_order_supported boolean, weight float, HTE_IDENTITY integer, created_at timestamp, product_id bigint, size_inches float, updated_at timestamp, rating varchar(10), type varchar(31) not null, hib_sess_id char(36) not null, barcode varchar(50), cover_type varchar(50), dvd_type varchar(50), genre varchar(100), genre varchar(100), genre varchar(100), publishers varchar(200), record_label varchar(200), studio varchar(200), artists varchar(500), authors varchar(500), directors varchar(500), image_url varchar(500), artist varchar(255), condition varchar(255), dimensions varchar(255), import_date varchar(255), introduction TEXT, music_type varchar(255), publication_date varchar(255), record_label varchar(255), release_date varchar(255), release_date varchar(255), release_date varchar(255), sleeve_condition varchar(255), title varchar(255), track_list TEXT, tracklist TEXT, type varchar(255), vinyl_condition varchar(255), primary key (HTE_IDENTITY, hib_sess_id))
Hibernate: 
    create table HTE_product(duration_minutes integer, page_count integer, price integer, quantity integer, rpm integer, rush_order_supported boolean, weight float, HTE_IDENTITY integer, created_at timestamp, product_id bigint, size_inches float, updated_at timestamp, rating varchar(10), type varchar(31) not null, hib_sess_id char(36) not null, barcode varchar(50), cover_type varchar(50), dvd_type varchar(50), genre varchar(100), genre varchar(100), genre varchar(100), publishers varchar(200), record_label varchar(200), studio varchar(200), artists varchar(500), authors varchar(500), directors varchar(500), image_url varchar(500), artist varchar(255), condition varchar(255), dimensions varchar(255), import_date varchar(255), introduction TEXT, music_type varchar(255), publication_date varchar(255), record_label varchar(255), release_date varchar(255), release_date varchar(255), release_date varchar(255), sleeve_condition varchar(255), title varchar(255), track_list TEXT, tracklist TEXT, type varchar(255), vinyl_condition varchar(255), primary key (HTE_IDENTITY, hib_sess_id))
2025-06-28T23:36:37.643+07:00 DEBUG 5413 --- [demo] [  restartedMain] org.hibernate.SQL                        : 
    create table HTE_dvd(duration_minutes integer, price integer, quantity integer, rush_order_supported boolean, weight float, HTE_IDENTITY integer, created_at timestamp, product_id bigint, updated_at timestamp, rating varchar(10), type varchar(31) not null, hib_sess_id char(36) not null, barcode varchar(50), dvd_type varchar(50), genre varchar(100), studio varchar(200), directors varchar(500), image_url varchar(500), condition varchar(255), dimensions varchar(255), import_date varchar(255), introduction TEXT, release_date varchar(255), title varchar(255), type varchar(255), primary key (HTE_IDENTITY, hib_sess_id))
Hibernate: 
    create table HTE_dvd(duration_minutes integer, price integer, quantity integer, rush_order_supported boolean, weight float, HTE_IDENTITY integer, created_at timestamp, product_id bigint, updated_at timestamp, rating varchar(10), type varchar(31) not null, hib_sess_id char(36) not null, barcode varchar(50), dvd_type varchar(50), genre varchar(100), studio varchar(200), directors varchar(500), image_url varchar(500), condition varchar(255), dimensions varchar(255), import_date varchar(255), introduction TEXT, release_date varchar(255), title varchar(255), type varchar(255), primary key (HTE_IDENTITY, hib_sess_id))
2025-06-28T23:36:37.644+07:00 DEBUG 5413 --- [demo] [  restartedMain] org.hibernate.SQL                        : 
    create table HTE_book(page_count integer, price integer, quantity integer, rush_order_supported boolean, weight float, HTE_IDENTITY integer, created_at timestamp, product_id bigint, updated_at timestamp, type varchar(31) not null, hib_sess_id char(36) not null, barcode varchar(50), cover_type varchar(50), genre varchar(100), publishers varchar(200), authors varchar(500), image_url varchar(500), condition varchar(255), dimensions varchar(255), import_date varchar(255), introduction TEXT, publication_date varchar(255), title varchar(255), type varchar(255), primary key (HTE_IDENTITY, hib_sess_id))
Hibernate: 
    create table HTE_book(page_count integer, price integer, quantity integer, rush_order_supported boolean, weight float, HTE_IDENTITY integer, created_at timestamp, product_id bigint, updated_at timestamp, type varchar(31) not null, hib_sess_id char(36) not null, barcode varchar(50), cover_type varchar(50), genre varchar(100), publishers varchar(200), authors varchar(500), image_url varchar(500), condition varchar(255), dimensions varchar(255), import_date varchar(255), introduction TEXT, publication_date varchar(255), title varchar(255), type varchar(255), primary key (HTE_IDENTITY, hib_sess_id))
2025-06-28T23:36:37.645+07:00 DEBUG 5413 --- [demo] [  restartedMain] org.hibernate.SQL                        : 
    create table HTE_lp(price integer, quantity integer, rpm integer, rush_order_supported boolean, weight float, HTE_IDENTITY integer, created_at timestamp, product_id bigint, size_inches float, updated_at timestamp, type varchar(31) not null, hib_sess_id char(36) not null, barcode varchar(50), image_url varchar(500), artist varchar(255), condition varchar(255), dimensions varchar(255), import_date varchar(255), introduction TEXT, music_type varchar(255), record_label varchar(255), release_date varchar(255), sleeve_condition varchar(255), title varchar(255), tracklist TEXT, type varchar(255), vinyl_condition varchar(255), primary key (HTE_IDENTITY, hib_sess_id))
Hibernate: 
    create table HTE_lp(price integer, quantity integer, rpm integer, rush_order_supported boolean, weight float, HTE_IDENTITY integer, created_at timestamp, product_id bigint, size_inches float, updated_at timestamp, type varchar(31) not null, hib_sess_id char(36) not null, barcode varchar(50), image_url varchar(500), artist varchar(255), condition varchar(255), dimensions varchar(255), import_date varchar(255), introduction TEXT, music_type varchar(255), record_label varchar(255), release_date varchar(255), sleeve_condition varchar(255), title varchar(255), tracklist TEXT, type varchar(255), vinyl_condition varchar(255), primary key (HTE_IDENTITY, hib_sess_id))
2025-06-28T23:36:37.646+07:00 DEBUG 5413 --- [demo] [  restartedMain] org.hibernate.SQL                        : 
    create table HTE_cd(price integer, quantity integer, rush_order_supported boolean, weight float, HTE_IDENTITY integer, created_at timestamp, product_id bigint, updated_at timestamp, type varchar(31) not null, hib_sess_id char(36) not null, barcode varchar(50), genre varchar(100), record_label varchar(200), artists varchar(500), image_url varchar(500), condition varchar(255), dimensions varchar(255), import_date varchar(255), introduction TEXT, release_date varchar(255), title varchar(255), track_list TEXT, type varchar(255), primary key (HTE_IDENTITY, hib_sess_id))
Hibernate: 
    create table HTE_cd(price integer, quantity integer, rush_order_supported boolean, weight float, HTE_IDENTITY integer, created_at timestamp, product_id bigint, updated_at timestamp, type varchar(31) not null, hib_sess_id char(36) not null, barcode varchar(50), genre varchar(100), record_label varchar(200), artists varchar(500), image_url varchar(500), condition varchar(255), dimensions varchar(255), import_date varchar(255), introduction TEXT, release_date varchar(255), title varchar(255), track_list TEXT, type varchar(255), primary key (HTE_IDENTITY, hib_sess_id))
2025-06-28T23:36:37.770+07:00  INFO 5413 --- [demo] [  restartedMain] o.h.e.t.j.p.i.JtaPlatformInitiator       : HHH000489: No JTA platform available (set 'hibernate.transaction.jta.platform' to enable JTA platform integration)
2025-06-28T23:36:37.801+07:00  INFO 5413 --- [demo] [  restartedMain] j.LocalContainerEntityManagerFactoryBean : Initialized JPA EntityManagerFactory for persistence unit 'default'
2025-06-28T23:36:37.973+07:00  INFO 5413 --- [demo] [  restartedMain] o.s.d.j.r.query.QueryEnhancerFactory     : Hibernate is in classpath; If applicable, HQL parser will be used.
2025-06-28T23:36:40.583+07:00  WARN 5413 --- [demo] [  restartedMain] JpaBaseConfiguration$JpaWebConfiguration : spring.jpa.open-in-view is enabled by default. Therefore, database queries may be performed during view rendering. Explicitly configure spring.jpa.open-in-view to disable this warning
2025-06-28T23:36:40.601+07:00  INFO 5413 --- [demo] [  restartedMain] o.s.b.a.w.s.WelcomePageHandlerMapping    : Adding welcome page template: index
2025-06-28T23:36:40.673+07:00 DEBUG 5413 --- [demo] [  restartedMain] s.w.s.m.m.a.RequestMappingHandlerMapping : 79 mappings in 'requestMappingHandlerMapping'
2025-06-28T23:36:40.742+07:00 DEBUG 5413 --- [demo] [  restartedMain] o.s.w.s.handler.SimpleUrlHandlerMapping  : Patterns [/webjars/**, /**] in 'resourceHandlerMapping'
2025-06-28T23:36:40.766+07:00 DEBUG 5413 --- [demo] [  restartedMain] s.w.s.m.m.a.RequestMappingHandlerAdapter : ControllerAdvice beans: 0 @ModelAttribute, 0 @InitBinder, 1 RequestBodyAdvice, 1 ResponseBodyAdvice
2025-06-28T23:36:40.799+07:00 DEBUG 5413 --- [demo] [  restartedMain] .m.m.a.ExceptionHandlerExceptionResolver : ControllerAdvice beans: 1 @ExceptionHandler, 1 ResponseBodyAdvice
2025-06-28T23:36:40.865+07:00  INFO 5413 --- [demo] [  restartedMain] o.s.b.a.h2.H2ConsoleAutoConfiguration    : H2 console available at '/h2-console'. Database available at 'jdbc:sqlite:./data/ITSS_demo2.db'
2025-06-28T23:36:40.904+07:00  INFO 5413 --- [demo] [  restartedMain] o.s.b.d.a.OptionalLiveReloadServer       : LiveReload server is running on port 35729
2025-06-28T23:36:40.930+07:00  INFO 5413 --- [demo] [  restartedMain] o.s.b.w.embedded.tomcat.TomcatWebServer  : Tomcat started on port 8080 (http) with context path '/'
2025-06-28T23:36:40.937+07:00  INFO 5413 --- [demo] [  restartedMain] c.itss.ecommerce.EcommerceApplication    : Started EcommerceApplication in 6.424 seconds (process running for 6.754)
2025-06-28T23:36:41.329+07:00  INFO 5413 --- [demo] [nio-8080-exec-1] o.a.c.c.C.[Tomcat].[localhost].[/]       : Initializing Spring DispatcherServlet 'dispatcherServlet'
2025-06-28T23:36:41.330+07:00  INFO 5413 --- [demo] [nio-8080-exec-1] o.s.web.servlet.DispatcherServlet        : Initializing Servlet 'dispatcherServlet'
2025-06-28T23:36:41.330+07:00 DEBUG 5413 --- [demo] [nio-8080-exec-1] o.s.web.servlet.DispatcherServlet        : Detected StandardServletMultipartResolver
2025-06-28T23:36:41.330+07:00 DEBUG 5413 --- [demo] [nio-8080-exec-1] o.s.web.servlet.DispatcherServlet        : Detected AcceptHeaderLocaleResolver
2025-06-28T23:36:41.330+07:00 DEBUG 5413 --- [demo] [nio-8080-exec-1] o.s.web.servlet.DispatcherServlet        : Detected FixedThemeResolver
2025-06-28T23:36:41.331+07:00 DEBUG 5413 --- [demo] [nio-8080-exec-1] o.s.web.servlet.DispatcherServlet        : Detected org.springframework.web.servlet.view.DefaultRequestToViewNameTranslator@31bbc05c
2025-06-28T23:36:41.331+07:00 DEBUG 5413 --- [demo] [nio-8080-exec-1] o.s.web.servlet.DispatcherServlet        : Detected org.springframework.web.servlet.support.SessionFlashMapManager@1d6751be
2025-06-28T23:36:41.331+07:00 DEBUG 5413 --- [demo] [nio-8080-exec-1] o.s.web.servlet.DispatcherServlet        : enableLoggingRequestDetails='false': request parameters and headers will be masked to prevent unsafe logging of potentially sensitive data
2025-06-28T23:36:41.332+07:00  INFO 5413 --- [demo] [nio-8080-exec-1] o.s.web.servlet.DispatcherServlet        : Completed initialization in 2 ms
2025-06-28T23:36:41.344+07:00 DEBUG 5413 --- [demo] [nio-8080-exec-1] o.s.web.servlet.DispatcherServlet        : GET "/api/products", parameters={}
2025-06-28T23:36:41.352+07:00 DEBUG 5413 --- [demo] [nio-8080-exec-1] s.w.s.m.m.a.RequestMappingHandlerMapping : Mapped to com.itss.ecommerce.controller.ProductController#getAllProducts()
2025-06-28T23:36:41.382+07:00  INFO 5413 --- [demo] [nio-8080-exec-1] c.i.e.controller.ProductController       : GET /api/products - Fetching all products
2025-06-28T23:36:41.386+07:00 DEBUG 5413 --- [demo] [nio-8080-exec-1] c.itss.ecommerce.service.ProductService  : Fetching all products
2025-06-28T23:36:41.428+07:00 DEBUG 5413 --- [demo] [nio-8080-exec-1] org.hibernate.SQL                        : 
    select
        p1_0.product_id,
        p1_0.type,
        p1_0.barcode,
        p1_0.condition,
        p1_0.created_at,
        p1_0.dimensions,
        p1_0.image_url,
        p1_0.import_date,
        p1_0.introduction,
        p1_0.price,
        p1_0.quantity,
        p1_0.rush_order_supported,
        p1_0.title,
        p1_0.updated_at,
        p1_0.weight,
        p1_1.authors,
        p1_1.cover_type,
        p1_1.genre,
        p1_1.page_count,
        p1_1.publication_date,
        p1_1.publishers,
        p1_2.artists,
        p1_2.genre,
        p1_2.record_label,
        p1_2.release_date,
        p1_2.track_list,
        p1_3.directors,
        p1_3.duration_minutes,
        p1_3.dvd_type,
        p1_3.genre,
        p1_3.rating,
        p1_3.release_date,
        p1_3.studio,
        p1_4.artist,
        p1_4.music_type,
        p1_4.record_label,
        p1_4.release_date,
        p1_4.rpm,
        p1_4.size_inches,
        p1_4.sleeve_condition,
        p1_4.tracklist,
        p1_4.vinyl_condition 
    from
        product p1_0 
    left join
        book p1_1 
            on p1_0.product_id=p1_1.product_id 
    left join
        cd p1_2 
            on p1_0.product_id=p1_2.product_id 
    left join
        dvd p1_3 
            on p1_0.product_id=p1_3.product_id 
    left join
        lp p1_4 
            on p1_0.product_id=p1_4.product_id
Hibernate: 
    select
        p1_0.product_id,
        p1_0.type,
        p1_0.barcode,
        p1_0.condition,
        p1_0.created_at,
        p1_0.dimensions,
        p1_0.image_url,
        p1_0.import_date,
        p1_0.introduction,
        p1_0.price,
        p1_0.quantity,
        p1_0.rush_order_supported,
        p1_0.title,
        p1_0.updated_at,
        p1_0.weight,
        p1_1.authors,
        p1_1.cover_type,
        p1_1.genre,
        p1_1.page_count,
        p1_1.publication_date,
        p1_1.publishers,
        p1_2.artists,
        p1_2.genre,
        p1_2.record_label,
        p1_2.release_date,
        p1_2.track_list,
        p1_3.directors,
        p1_3.duration_minutes,
        p1_3.dvd_type,
        p1_3.genre,
        p1_3.rating,
        p1_3.release_date,
        p1_3.studio,
        p1_4.artist,
        p1_4.music_type,
        p1_4.record_label,
        p1_4.release_date,
        p1_4.rpm,
        p1_4.size_inches,
        p1_4.sleeve_condition,
        p1_4.tracklist,
        p1_4.vinyl_condition 
    from
        product p1_0 
    left join
        book p1_1 
            on p1_0.product_id=p1_1.product_id 
    left join
        cd p1_2 
            on p1_0.product_id=p1_2.product_id 
    left join
        dvd p1_3 
            on p1_0.product_id=p1_3.product_id 
    left join
        lp p1_4 
            on p1_0.product_id=p1_4.product_id
2025-06-28T23:36:41.486+07:00 DEBUG 5413 --- [demo] [nio-8080-exec-1] o.s.w.s.m.m.a.HttpEntityMethodProcessor  : Using 'application/json', given [*/*] and supported [application/json, application/*+json]
2025-06-28T23:36:41.495+07:00 DEBUG 5413 --- [demo] [nio-8080-exec-1] o.s.w.s.m.m.a.HttpEntityMethodProcessor  : Writing [ApiResponse(success=true, message=Retrieved 9 products, data=[ProductDTO(productId=1, title=The Grea (truncated)...]
2025-06-28T23:36:41.517+07:00 DEBUG 5413 --- [demo] [nio-8080-exec-1] o.s.web.servlet.DispatcherServlet        : Completed 200 OK
2025-06-28T23:37:01.530+07:00 DEBUG 5413 --- [demo] [nio-8080-exec-2] o.s.web.servlet.DispatcherServlet        : GET "/api/products", parameters={}
2025-06-28T23:37:01.530+07:00 DEBUG 5413 --- [demo] [nio-8080-exec-2] s.w.s.m.m.a.RequestMappingHandlerMapping : Mapped to com.itss.ecommerce.controller.ProductController#getAllProducts()
2025-06-28T23:37:01.568+07:00  INFO 5413 --- [demo] [nio-8080-exec-2] c.i.e.controller.ProductController       : GET /api/products - Fetching all products
2025-06-28T23:37:01.569+07:00 DEBUG 5413 --- [demo] [nio-8080-exec-2] c.itss.ecommerce.service.ProductService  : Fetching all products
2025-06-28T23:37:01.571+07:00 DEBUG 5413 --- [demo] [nio-8080-exec-2] org.hibernate.SQL                        : 
    select
        p1_0.product_id,
        p1_0.type,
        p1_0.barcode,
        p1_0.condition,
        p1_0.created_at,
        p1_0.dimensions,
        p1_0.image_url,
        p1_0.import_date,
        p1_0.introduction,
        p1_0.price,
        p1_0.quantity,
        p1_0.rush_order_supported,
        p1_0.title,
        p1_0.updated_at,
        p1_0.weight,
        p1_1.authors,
        p1_1.cover_type,
        p1_1.genre,
        p1_1.page_count,
        p1_1.publication_date,
        p1_1.publishers,
        p1_2.artists,
        p1_2.genre,
        p1_2.record_label,
        p1_2.release_date,
        p1_2.track_list,
        p1_3.directors,
        p1_3.duration_minutes,
        p1_3.dvd_type,
        p1_3.genre,
        p1_3.rating,
        p1_3.release_date,
        p1_3.studio,
        p1_4.artist,
        p1_4.music_type,
        p1_4.record_label,
        p1_4.release_date,
        p1_4.rpm,
        p1_4.size_inches,
        p1_4.sleeve_condition,
        p1_4.tracklist,
        p1_4.vinyl_condition 
    from
        product p1_0 
    left join
        book p1_1 
            on p1_0.product_id=p1_1.product_id 
    left join
        cd p1_2 
            on p1_0.product_id=p1_2.product_id 
    left join
        dvd p1_3 
            on p1_0.product_id=p1_3.product_id 
    left join
        lp p1_4 
            on p1_0.product_id=p1_4.product_id
Hibernate: 
    select
        p1_0.product_id,
        p1_0.type,
        p1_0.barcode,
        p1_0.condition,
        p1_0.created_at,
        p1_0.dimensions,
        p1_0.image_url,
        p1_0.import_date,
        p1_0.introduction,
        p1_0.price,
        p1_0.quantity,
        p1_0.rush_order_supported,
        p1_0.title,
        p1_0.updated_at,
        p1_0.weight,
        p1_1.authors,
        p1_1.cover_type,
        p1_1.genre,
        p1_1.page_count,
        p1_1.publication_date,
        p1_1.publishers,
        p1_2.artists,
        p1_2.genre,
        p1_2.record_label,
        p1_2.release_date,
        p1_2.track_list,
        p1_3.directors,
        p1_3.duration_minutes,
        p1_3.dvd_type,
        p1_3.genre,
        p1_3.rating,
        p1_3.release_date,
        p1_3.studio,
        p1_4.artist,
        p1_4.music_type,
        p1_4.record_label,
        p1_4.release_date,
        p1_4.rpm,
        p1_4.size_inches,
        p1_4.sleeve_condition,
        p1_4.tracklist,
        p1_4.vinyl_condition 
    from
        product p1_0 
    left join
        book p1_1 
            on p1_0.product_id=p1_1.product_id 
    left join
        cd p1_2 
            on p1_0.product_id=p1_2.product_id 
    left join
        dvd p1_3 
            on p1_0.product_id=p1_3.product_id 
    left join
        lp p1_4 
            on p1_0.product_id=p1_4.product_id
2025-06-28T23:37:01.578+07:00 DEBUG 5413 --- [demo] [nio-8080-exec-2] o.s.w.s.m.m.a.HttpEntityMethodProcessor  : Using 'application/json', given [application/json, text/plain, */*] and supported [application/json, application/*+json]
2025-06-28T23:37:01.578+07:00 DEBUG 5413 --- [demo] [nio-8080-exec-2] o.s.w.s.m.m.a.HttpEntityMethodProcessor  : Writing [ApiResponse(success=true, message=Retrieved 9 products, data=[ProductDTO(productId=1, title=The Grea (truncated)...]
2025-06-28T23:37:01.581+07:00 DEBUG 5413 --- [demo] [nio-8080-exec-2] o.s.web.servlet.DispatcherServlet        : Completed 200 OK
2025-06-28T23:37:14.153+07:00 DEBUG 5413 --- [demo] [nio-8080-exec-3] o.s.web.servlet.DispatcherServlet        : OPTIONS "/api/cart/check-quantities", parameters={}
2025-06-28T23:37:14.154+07:00 DEBUG 5413 --- [demo] [nio-8080-exec-3] s.w.s.m.m.a.RequestMappingHandlerMapping : Mapped to com.itss.ecommerce.controller.CartController#checkQuantities(CartCheckRequest)
2025-06-28T23:37:14.159+07:00 DEBUG 5413 --- [demo] [nio-8080-exec-3] o.s.web.servlet.DispatcherServlet        : Completed 200 OK
2025-06-28T23:37:14.174+07:00 DEBUG 5413 --- [demo] [nio-8080-exec-4] o.s.web.servlet.DispatcherServlet        : POST "/api/cart/check-quantities", parameters={}
2025-06-28T23:37:14.175+07:00 DEBUG 5413 --- [demo] [nio-8080-exec-4] s.w.s.m.m.a.RequestMappingHandlerMapping : Mapped to com.itss.ecommerce.controller.CartController#checkQuantities(CartCheckRequest)
2025-06-28T23:37:14.215+07:00 DEBUG 5413 --- [demo] [nio-8080-exec-4] m.m.a.RequestResponseBodyMethodProcessor : Read "application/json;charset=UTF-8" to [CartCheckRequest(items=[CartCheckRequest.CartItem(productId=1, quantity=1), CartCheckRequest.CartIte (truncated)...]
2025-06-28T23:37:14.224+07:00 DEBUG 5413 --- [demo] [nio-8080-exec-4] org.hibernate.SQL                        : 
    select
        p1_0.product_id,
        p1_0.type,
        p1_0.barcode,
        p1_0.condition,
        p1_0.created_at,
        p1_0.dimensions,
        p1_0.image_url,
        p1_0.import_date,
        p1_0.introduction,
        p1_0.price,
        p1_0.quantity,
        p1_0.rush_order_supported,
        p1_0.title,
        p1_0.updated_at,
        p1_0.weight,
        p1_1.authors,
        p1_1.cover_type,
        p1_1.genre,
        p1_1.page_count,
        p1_1.publication_date,
        p1_1.publishers,
        p1_2.artists,
        p1_2.genre,
        p1_2.record_label,
        p1_2.release_date,
        p1_2.track_list,
        p1_3.directors,
        p1_3.duration_minutes,
        p1_3.dvd_type,
        p1_3.genre,
        p1_3.rating,
        p1_3.release_date,
        p1_3.studio,
        p1_4.artist,
        p1_4.music_type,
        p1_4.record_label,
        p1_4.release_date,
        p1_4.rpm,
        p1_4.size_inches,
        p1_4.sleeve_condition,
        p1_4.tracklist,
        p1_4.vinyl_condition 
    from
        product p1_0 
    left join
        book p1_1 
            on p1_0.product_id=p1_1.product_id 
    left join
        cd p1_2 
            on p1_0.product_id=p1_2.product_id 
    left join
        dvd p1_3 
            on p1_0.product_id=p1_3.product_id 
    left join
        lp p1_4 
            on p1_0.product_id=p1_4.product_id 
    where
        p1_0.product_id=?
Hibernate: 
    select
        p1_0.product_id,
        p1_0.type,
        p1_0.barcode,
        p1_0.condition,
        p1_0.created_at,
        p1_0.dimensions,
        p1_0.image_url,
        p1_0.import_date,
        p1_0.introduction,
        p1_0.price,
        p1_0.quantity,
        p1_0.rush_order_supported,
        p1_0.title,
        p1_0.updated_at,
        p1_0.weight,
        p1_1.authors,
        p1_1.cover_type,
        p1_1.genre,
        p1_1.page_count,
        p1_1.publication_date,
        p1_1.publishers,
        p1_2.artists,
        p1_2.genre,
        p1_2.record_label,
        p1_2.release_date,
        p1_2.track_list,
        p1_3.directors,
        p1_3.duration_minutes,
        p1_3.dvd_type,
        p1_3.genre,
        p1_3.rating,
        p1_3.release_date,
        p1_3.studio,
        p1_4.artist,
        p1_4.music_type,
        p1_4.record_label,
        p1_4.release_date,
        p1_4.rpm,
        p1_4.size_inches,
        p1_4.sleeve_condition,
        p1_4.tracklist,
        p1_4.vinyl_condition 
    from
        product p1_0 
    left join
        book p1_1 
            on p1_0.product_id=p1_1.product_id 
    left join
        cd p1_2 
            on p1_0.product_id=p1_2.product_id 
    left join
        dvd p1_3 
            on p1_0.product_id=p1_3.product_id 
    left join
        lp p1_4 
            on p1_0.product_id=p1_4.product_id 
    where
        p1_0.product_id=?
2025-06-28T23:37:14.227+07:00 DEBUG 5413 --- [demo] [nio-8080-exec-4] org.hibernate.SQL                        : 
    select
        p1_0.product_id,
        p1_0.type,
        p1_0.barcode,
        p1_0.condition,
        p1_0.created_at,
        p1_0.dimensions,
        p1_0.image_url,
        p1_0.import_date,
        p1_0.introduction,
        p1_0.price,
        p1_0.quantity,
        p1_0.rush_order_supported,
        p1_0.title,
        p1_0.updated_at,
        p1_0.weight,
        p1_1.authors,
        p1_1.cover_type,
        p1_1.genre,
        p1_1.page_count,
        p1_1.publication_date,
        p1_1.publishers,
        p1_2.artists,
        p1_2.genre,
        p1_2.record_label,
        p1_2.release_date,
        p1_2.track_list,
        p1_3.directors,
        p1_3.duration_minutes,
        p1_3.dvd_type,
        p1_3.genre,
        p1_3.rating,
        p1_3.release_date,
        p1_3.studio,
        p1_4.artist,
        p1_4.music_type,
        p1_4.record_label,
        p1_4.release_date,
        p1_4.rpm,
        p1_4.size_inches,
        p1_4.sleeve_condition,
        p1_4.tracklist,
        p1_4.vinyl_condition 
    from
        product p1_0 
    left join
        book p1_1 
            on p1_0.product_id=p1_1.product_id 
    left join
        cd p1_2 
            on p1_0.product_id=p1_2.product_id 
    left join
        dvd p1_3 
            on p1_0.product_id=p1_3.product_id 
    left join
        lp p1_4 
            on p1_0.product_id=p1_4.product_id 
    where
        p1_0.product_id=?
Hibernate: 
    select
        p1_0.product_id,
        p1_0.type,
        p1_0.barcode,
        p1_0.condition,
        p1_0.created_at,
        p1_0.dimensions,
        p1_0.image_url,
        p1_0.import_date,
        p1_0.introduction,
        p1_0.price,
        p1_0.quantity,
        p1_0.rush_order_supported,
        p1_0.title,
        p1_0.updated_at,
        p1_0.weight,
        p1_1.authors,
        p1_1.cover_type,
        p1_1.genre,
        p1_1.page_count,
        p1_1.publication_date,
        p1_1.publishers,
        p1_2.artists,
        p1_2.genre,
        p1_2.record_label,
        p1_2.release_date,
        p1_2.track_list,
        p1_3.directors,
        p1_3.duration_minutes,
        p1_3.dvd_type,
        p1_3.genre,
        p1_3.rating,
        p1_3.release_date,
        p1_3.studio,
        p1_4.artist,
        p1_4.music_type,
        p1_4.record_label,
        p1_4.release_date,
        p1_4.rpm,
        p1_4.size_inches,
        p1_4.sleeve_condition,
        p1_4.tracklist,
        p1_4.vinyl_condition 
    from
        product p1_0 
    left join
        book p1_1 
            on p1_0.product_id=p1_1.product_id 
    left join
        cd p1_2 
            on p1_0.product_id=p1_2.product_id 
    left join
        dvd p1_3 
            on p1_0.product_id=p1_3.product_id 
    left join
        lp p1_4 
            on p1_0.product_id=p1_4.product_id 
    where
        p1_0.product_id=?
2025-06-28T23:37:14.231+07:00 DEBUG 5413 --- [demo] [nio-8080-exec-4] m.m.a.RequestResponseBodyMethodProcessor : Using 'application/json', given [*/*] and supported [application/json, application/*+json]
2025-06-28T23:37:14.231+07:00 DEBUG 5413 --- [demo] [nio-8080-exec-4] m.m.a.RequestResponseBodyMethodProcessor : Writing [CartCheckResponse(ok=true, insufficient=[])]
2025-06-28T23:37:14.232+07:00 DEBUG 5413 --- [demo] [nio-8080-exec-4] o.s.web.servlet.DispatcherServlet        : Completed 200 OK
2025-06-28T23:37:49.217+07:00 DEBUG 5413 --- [demo] [nio-8080-exec-5] o.s.web.servlet.DispatcherServlet        : OPTIONS "/api/orders", parameters={}
2025-06-28T23:37:49.218+07:00 DEBUG 5413 --- [demo] [nio-8080-exec-5] s.w.s.m.m.a.RequestMappingHandlerMapping : Mapped to com.itss.ecommerce.controller.OrderController#createOrder(CreateOrderRequest)
2025-06-28T23:37:49.220+07:00 DEBUG 5413 --- [demo] [nio-8080-exec-5] o.s.web.servlet.DispatcherServlet        : Completed 200 OK
2025-06-28T23:37:49.229+07:00 DEBUG 5413 --- [demo] [nio-8080-exec-6] o.s.web.servlet.DispatcherServlet        : POST "/api/orders", parameters={}
2025-06-28T23:37:49.231+07:00 DEBUG 5413 --- [demo] [nio-8080-exec-6] s.w.s.m.m.a.RequestMappingHandlerMapping : Mapped to com.itss.ecommerce.controller.OrderController#createOrder(CreateOrderRequest)
2025-06-28T23:37:49.276+07:00 DEBUG 5413 --- [demo] [nio-8080-exec-6] m.m.a.RequestResponseBodyMethodProcessor : Read "application/json;charset=UTF-8" to [CreateOrderRequest(cartItems=[CreateOrderRequest.CartItemDTO(productId=1, quantity=1, rushOrder=fals (truncated)...]
2025-06-28T23:37:49.348+07:00  INFO 5413 --- [demo] [nio-8080-exec-6] c.i.e.controller.OrderController         : POST /api/orders - Creating new order with 2 items
2025-06-28T23:37:49.349+07:00 DEBUG 5413 --- [demo] [nio-8080-exec-6] c.itss.ecommerce.service.ProductService  : Fetching product by ID: 1
2025-06-28T23:37:49.349+07:00 DEBUG 5413 --- [demo] [nio-8080-exec-6] org.hibernate.SQL                        : 
    select
        p1_0.product_id,
        p1_0.type,
        p1_0.barcode,
        p1_0.condition,
        p1_0.created_at,
        p1_0.dimensions,
        p1_0.image_url,
        p1_0.import_date,
        p1_0.introduction,
        p1_0.price,
        p1_0.quantity,
        p1_0.rush_order_supported,
        p1_0.title,
        p1_0.updated_at,
        p1_0.weight,
        p1_1.authors,
        p1_1.cover_type,
        p1_1.genre,
        p1_1.page_count,
        p1_1.publication_date,
        p1_1.publishers,
        p1_2.artists,
        p1_2.genre,
        p1_2.record_label,
        p1_2.release_date,
        p1_2.track_list,
        p1_3.directors,
        p1_3.duration_minutes,
        p1_3.dvd_type,
        p1_3.genre,
        p1_3.rating,
        p1_3.release_date,
        p1_3.studio,
        p1_4.artist,
        p1_4.music_type,
        p1_4.record_label,
        p1_4.release_date,
        p1_4.rpm,
        p1_4.size_inches,
        p1_4.sleeve_condition,
        p1_4.tracklist,
        p1_4.vinyl_condition 
    from
        product p1_0 
    left join
        book p1_1 
            on p1_0.product_id=p1_1.product_id 
    left join
        cd p1_2 
            on p1_0.product_id=p1_2.product_id 
    left join
        dvd p1_3 
            on p1_0.product_id=p1_3.product_id 
    left join
        lp p1_4 
            on p1_0.product_id=p1_4.product_id 
    where
        p1_0.product_id=?
Hibernate: 
    select
        p1_0.product_id,
        p1_0.type,
        p1_0.barcode,
        p1_0.condition,
        p1_0.created_at,
        p1_0.dimensions,
        p1_0.image_url,
        p1_0.import_date,
        p1_0.introduction,
        p1_0.price,
        p1_0.quantity,
        p1_0.rush_order_supported,
        p1_0.title,
        p1_0.updated_at,
        p1_0.weight,
        p1_1.authors,
        p1_1.cover_type,
        p1_1.genre,
        p1_1.page_count,
        p1_1.publication_date,
        p1_1.publishers,
        p1_2.artists,
        p1_2.genre,
        p1_2.record_label,
        p1_2.release_date,
        p1_2.track_list,
        p1_3.directors,
        p1_3.duration_minutes,
        p1_3.dvd_type,
        p1_3.genre,
        p1_3.rating,
        p1_3.release_date,
        p1_3.studio,
        p1_4.artist,
        p1_4.music_type,
        p1_4.record_label,
        p1_4.release_date,
        p1_4.rpm,
        p1_4.size_inches,
        p1_4.sleeve_condition,
        p1_4.tracklist,
        p1_4.vinyl_condition 
    from
        product p1_0 
    left join
        book p1_1 
            on p1_0.product_id=p1_1.product_id 
    left join
        cd p1_2 
            on p1_0.product_id=p1_2.product_id 
    left join
        dvd p1_3 
            on p1_0.product_id=p1_3.product_id 
    left join
        lp p1_4 
            on p1_0.product_id=p1_4.product_id 
    where
        p1_0.product_id=?
2025-06-28T23:37:49.350+07:00 DEBUG 5413 --- [demo] [nio-8080-exec-6] c.itss.ecommerce.service.ProductService  : Fetching product by ID: 2
2025-06-28T23:37:49.351+07:00 DEBUG 5413 --- [demo] [nio-8080-exec-6] org.hibernate.SQL                        : 
    select
        p1_0.product_id,
        p1_0.type,
        p1_0.barcode,
        p1_0.condition,
        p1_0.created_at,
        p1_0.dimensions,
        p1_0.image_url,
        p1_0.import_date,
        p1_0.introduction,
        p1_0.price,
        p1_0.quantity,
        p1_0.rush_order_supported,
        p1_0.title,
        p1_0.updated_at,
        p1_0.weight,
        p1_1.authors,
        p1_1.cover_type,
        p1_1.genre,
        p1_1.page_count,
        p1_1.publication_date,
        p1_1.publishers,
        p1_2.artists,
        p1_2.genre,
        p1_2.record_label,
        p1_2.release_date,
        p1_2.track_list,
        p1_3.directors,
        p1_3.duration_minutes,
        p1_3.dvd_type,
        p1_3.genre,
        p1_3.rating,
        p1_3.release_date,
        p1_3.studio,
        p1_4.artist,
        p1_4.music_type,
        p1_4.record_label,
        p1_4.release_date,
        p1_4.rpm,
        p1_4.size_inches,
        p1_4.sleeve_condition,
        p1_4.tracklist,
        p1_4.vinyl_condition 
    from
        product p1_0 
    left join
        book p1_1 
            on p1_0.product_id=p1_1.product_id 
    left join
        cd p1_2 
            on p1_0.product_id=p1_2.product_id 
    left join
        dvd p1_3 
            on p1_0.product_id=p1_3.product_id 
    left join
        lp p1_4 
            on p1_0.product_id=p1_4.product_id 
    where
        p1_0.product_id=?
Hibernate: 
    select
        p1_0.product_id,
        p1_0.type,
        p1_0.barcode,
        p1_0.condition,
        p1_0.created_at,
        p1_0.dimensions,
        p1_0.image_url,
        p1_0.import_date,
        p1_0.introduction,
        p1_0.price,
        p1_0.quantity,
        p1_0.rush_order_supported,
        p1_0.title,
        p1_0.updated_at,
        p1_0.weight,
        p1_1.authors,
        p1_1.cover_type,
        p1_1.genre,
        p1_1.page_count,
        p1_1.publication_date,
        p1_1.publishers,
        p1_2.artists,
        p1_2.genre,
        p1_2.record_label,
        p1_2.release_date,
        p1_2.track_list,
        p1_3.directors,
        p1_3.duration_minutes,
        p1_3.dvd_type,
        p1_3.genre,
        p1_3.rating,
        p1_3.release_date,
        p1_3.studio,
        p1_4.artist,
        p1_4.music_type,
        p1_4.record_label,
        p1_4.release_date,
        p1_4.rpm,
        p1_4.size_inches,
        p1_4.sleeve_condition,
        p1_4.tracklist,
        p1_4.vinyl_condition 
    from
        product p1_0 
    left join
        book p1_1 
            on p1_0.product_id=p1_1.product_id 
    left join
        cd p1_2 
            on p1_0.product_id=p1_2.product_id 
    left join
        dvd p1_3 
            on p1_0.product_id=p1_3.product_id 
    left join
        lp p1_4 
            on p1_0.product_id=p1_4.product_id 
    where
        p1_0.product_id=?
2025-06-28T23:37:49.352+07:00  INFO 5413 --- [demo] [nio-8080-exec-6] c.itss.ecommerce.service.OrderService    : Creating order with 2 items
2025-06-28T23:37:49.365+07:00 DEBUG 5413 --- [demo] [nio-8080-exec-6] org.hibernate.SQL                        : 
    insert 
    into
        delivery_information
        (address, delivery_fee, delivery_message, district, email, name, phone, province, ward) 
    values
        (?, ?, ?, ?, ?, ?, ?, ?, ?)
Hibernate: 
    insert 
    into
        delivery_information
        (address, delivery_fee, delivery_message, district, email, name, phone, province, ward) 
    values
        (?, ?, ?, ?, ?, ?, ?, ?, ?)
2025-06-28T23:37:49.367+07:00 DEBUG 5413 --- [demo] [nio-8080-exec-6] org.hibernate.SQL                        : 
    select
        last_insert_rowid()
Hibernate: 
    select
        last_insert_rowid()
2025-06-28T23:37:49.383+07:00 DEBUG 5413 --- [demo] [nio-8080-exec-6] org.hibernate.SQL                        : 
    insert 
    into
        order_items
        (created_at, delivery_id, status, total_after_vat, total_before_vat, updated_at, vat_percentage) 
    values
        (?, ?, ?, ?, ?, ?, ?)
Hibernate: 
    insert 
    into
        order_items
        (created_at, delivery_id, status, total_after_vat, total_before_vat, updated_at, vat_percentage) 
    values
        (?, ?, ?, ?, ?, ?, ?)
2025-06-28T23:37:49.384+07:00 DEBUG 5413 --- [demo] [nio-8080-exec-6] org.hibernate.SQL                        : 
    select
        last_insert_rowid()
Hibernate: 
    select
        last_insert_rowid()
2025-06-28T23:37:49.385+07:00 DEBUG 5413 --- [demo] [nio-8080-exec-6] org.hibernate.SQL                        : 
    insert 
    into
        order_item
        (delivery_time, instructions, order_id, product_id, quantity, rush_order_using, status, total_fee) 
    values
        (?, ?, ?, ?, ?, ?, ?, ?)
Hibernate: 
    insert 
    into
        order_item
        (delivery_time, instructions, order_id, product_id, quantity, rush_order_using, status, total_fee) 
    values
        (?, ?, ?, ?, ?, ?, ?, ?)
2025-06-28T23:37:49.386+07:00 DEBUG 5413 --- [demo] [nio-8080-exec-6] org.hibernate.SQL                        : 
    select
        last_insert_rowid()
Hibernate: 
    select
        last_insert_rowid()
2025-06-28T23:37:49.386+07:00 DEBUG 5413 --- [demo] [nio-8080-exec-6] org.hibernate.SQL                        : 
    insert 
    into
        order_item
        (delivery_time, instructions, order_id, product_id, quantity, rush_order_using, status, total_fee) 
    values
        (?, ?, ?, ?, ?, ?, ?, ?)
Hibernate: 
    insert 
    into
        order_item
        (delivery_time, instructions, order_id, product_id, quantity, rush_order_using, status, total_fee) 
    values
        (?, ?, ?, ?, ?, ?, ?, ?)
2025-06-28T23:37:49.387+07:00 DEBUG 5413 --- [demo] [nio-8080-exec-6] org.hibernate.SQL                        : 
    select
        last_insert_rowid()
Hibernate: 
    select
        last_insert_rowid()
2025-06-28T23:37:49.388+07:00 DEBUG 5413 --- [demo] [nio-8080-exec-6] org.hibernate.SQL                        : 
    insert 
    into
        invoice
        (created_at, description, order_id, paid_at, payment_method, payment_status) 
    values
        (?, ?, ?, ?, ?, ?)
Hibernate: 
    insert 
    into
        invoice
        (created_at, description, order_id, paid_at, payment_method, payment_status) 
    values
        (?, ?, ?, ?, ?, ?)
2025-06-28T23:37:49.388+07:00 DEBUG 5413 --- [demo] [nio-8080-exec-6] org.hibernate.SQL                        : 
    select
        last_insert_rowid()
Hibernate: 
    select
        last_insert_rowid()
2025-06-28T23:37:49.389+07:00 DEBUG 5413 --- [demo] [nio-8080-exec-6] c.i.ecommerce.service.AuditLogService    : Logging ORDER operation on Order with ID: 22 by user: null
2025-06-28T23:37:49.390+07:00 DEBUG 5413 --- [demo] [nio-8080-exec-6] org.hibernate.SQL                        : 
    insert 
    into
        audit_log
        (action_name, action_type, entity_id, entity_type, note, recorded_at, user_id) 
    values
        (?, ?, ?, ?, ?, ?, ?)
Hibernate: 
    insert 
    into
        audit_log
        (action_name, action_type, entity_id, entity_type, note, recorded_at, user_id) 
    values
        (?, ?, ?, ?, ?, ?, ?)
2025-06-28T23:37:49.391+07:00 DEBUG 5413 --- [demo] [nio-8080-exec-6] org.hibernate.SQL                        : 
    select
        last_insert_rowid()
Hibernate: 
    select
        last_insert_rowid()
2025-06-28T23:37:49.391+07:00  INFO 5413 --- [demo] [nio-8080-exec-6] c.itss.ecommerce.service.OrderService    : Order created successfully with ID: 22
2025-06-28T23:37:49.403+07:00 DEBUG 5413 --- [demo] [nio-8080-exec-6] org.hibernate.SQL                        : 
    update
        product 
    set
        barcode=?,
        condition=?,
        created_at=?,
        dimensions=?,
        image_url=?,
        import_date=?,
        introduction=?,
        price=?,
        quantity=?,
        rush_order_supported=?,
        title=?,
        updated_at=?,
        weight=? 
    where
        product_id=?
Hibernate: 
    update
        product 
    set
        barcode=?,
        condition=?,
        created_at=?,
        dimensions=?,
        image_url=?,
        import_date=?,
        introduction=?,
        price=?,
        quantity=?,
        rush_order_supported=?,
        title=?,
        updated_at=?,
        weight=? 
    where
        product_id=?
2025-06-28T23:37:49.405+07:00 DEBUG 5413 --- [demo] [nio-8080-exec-6] org.hibernate.SQL                        : 
    update
        product 
    set
        barcode=?,
        condition=?,
        created_at=?,
        dimensions=?,
        image_url=?,
        import_date=?,
        introduction=?,
        price=?,
        quantity=?,
        rush_order_supported=?,
        title=?,
        updated_at=?,
        weight=? 
    where
        product_id=?
Hibernate: 
    update
        product 
    set
        barcode=?,
        condition=?,
        created_at=?,
        dimensions=?,
        image_url=?,
        import_date=?,
        introduction=?,
        price=?,
        quantity=?,
        rush_order_supported=?,
        title=?,
        updated_at=?,
        weight=? 
    where
        product_id=?
Saved Order: 22
2025-06-28T23:37:49.418+07:00 DEBUG 5413 --- [demo] [nio-8080-exec-6] o.s.w.s.m.m.a.HttpEntityMethodProcessor  : Using 'application/json', given [application/json, text/plain, */*] and supported [application/json, application/*+json]
2025-06-28T23:37:49.423+07:00 DEBUG 5413 --- [demo] [nio-8080-exec-6] o.s.w.s.m.m.a.HttpEntityMethodProcessor  : Writing [ApiResponse(success=true, message=Order created successfully, data=OrderDTO(orderId=22, totalBeforeV (truncated)...]
2025-06-28T23:37:49.433+07:00 DEBUG 5413 --- [demo] [nio-8080-exec-6] o.s.web.servlet.DispatcherServlet        : Completed 201 CREATED
2025-06-28T23:37:49.437+07:00 DEBUG 5413 --- [demo] [nio-8080-exec-7] o.s.web.servlet.DispatcherServlet        : OPTIONS "/api/payment/vnpay", parameters={}
2025-06-28T23:37:49.437+07:00 DEBUG 5413 --- [demo] [nio-8080-exec-7] s.w.s.m.m.a.RequestMappingHandlerMapping : Mapped to com.itss.ecommerce.controller.vnpay.VNPayController#createPayment(PaymentRequest, HttpServletRequest)
2025-06-28T23:37:49.437+07:00 DEBUG 5413 --- [demo] [nio-8080-exec-7] o.s.web.servlet.DispatcherServlet        : Completed 200 OK
2025-06-28T23:37:49.440+07:00 DEBUG 5413 --- [demo] [nio-8080-exec-8] o.s.web.servlet.DispatcherServlet        : POST "/api/payment/vnpay", parameters={}
2025-06-28T23:37:49.440+07:00 DEBUG 5413 --- [demo] [nio-8080-exec-8] s.w.s.m.m.a.RequestMappingHandlerMapping : Mapped to com.itss.ecommerce.controller.vnpay.VNPayController#createPayment(PaymentRequest, HttpServletRequest)
2025-06-28T23:37:49.442+07:00 DEBUG 5413 --- [demo] [nio-8080-exec-8] m.m.a.RequestResponseBodyMethodProcessor : Read "application/json;charset=UTF-8" to [com.itss.ecommerce.dto.vnpay.PaymentRequest@469975e]
2025-06-28T23:37:49.452+07:00 DEBUG 5413 --- [demo] [nio-8080-exec-8] o.s.w.s.m.m.a.HttpEntityMethodProcessor  : Using 'application/json', given [*/*] and supported [application/json, application/*+json]
2025-06-28T23:37:49.452+07:00 DEBUG 5413 --- [demo] [nio-8080-exec-8] o.s.w.s.m.m.a.HttpEntityMethodProcessor  : Writing [com.itss.ecommerce.service.VNPayService$PaymentResponse@2286371d]
2025-06-28T23:37:49.453+07:00 DEBUG 5413 --- [demo] [nio-8080-exec-8] o.s.web.servlet.DispatcherServlet        : Completed 200 OK
